// Jest Snapshot v1, https://goo.gl/fbAQLP

exports[`Render Player 1`] = `
<div
  className="player"
>
  <video
    className="player__video"
    controls={true}
    poster="img/bg-the-grand-budapest-hotel.jpg"
    src="https://download.blender.org/durian/trailer/sintel_trailer-480p.mp4"
  />
  <button
    className="player__exit"
    onClick={[Function]}
    type="button"
  >
    Exit
  </button>
</div>
`;
