// Jest Snapshot v1, https://goo.gl/fbAQLP

exports[`Component with video 1`] = `
<div>
  <video
    autoPlay={false}
    controls={false}
    muted={false}
    poster="/test/poster"
    style={
      Object {
        "height": "100%",
        "objectFit": "cover",
        "objectPosition": "center center",
        "width": "100%",
      }
    }
  >
    <source
      src="/test/src"
    />
  </video>
</div>
`;
